// Jest Snapshot v1, https://goo.gl/fbAQLP

exports[`renders the TimelineConnector 1`] = `
.emotion-0 {
  display: -webkit-box;
  display: -webkit-flex;
  display: -ms-flexbox;
  display: flex;
  -webkit-flex-direction: column;
  -ms-flex-direction: column;
  flex-direction: column;
  padding: 6px 16px;
  -webkit-box-flex: 1;
  -webkit-flex-grow: 1;
  -ms-flex-positive: 1;
  flex-grow: 1;
}

.emotion-1 {
  list-style: none;
  display: -webkit-box;
  display: -webkit-flex;
  display: -ms-flexbox;
  display: flex;
  position: relative;
  min-height: 70px;
  -webkit-flex-direction: row-reverse;
  -ms-flex-direction: row-reverse;
  flex-direction: row-reverse;
}

.emotion-1:before {
  content: "";
  -webkit-flex: 1;
  -ms-flex: 1;
  flex: 1;
  padding: 6px 16px;
}

.emotion-2 {
  display: -webkit-box;
  display: -webkit-flex;
  display: -ms-flexbox;
  display: flex;
  -webkit-flex-direction: column;
  -ms-flex-direction: column;
  flex-direction: column;
  -webkit-flex: 0;
  -ms-flex: 0;
  flex: 0;
  -webkit-align-items: center;
  -webkit-box-align: center;
  -ms-flex-align: center;
  align-items: center;
}

<div>
  <ul
    class="MuiTimeline-root MuiTimeline-positionLeft emotion-0"
  >
    <li
      class="MuiTimelineItem-root MuiTimelineItem-positionLeft MuiTimelineItem-missingOppositeContent emotion-1"
    >
      <div
        class="MuiTimelineSeparator-root emotion-2"
      />
    </li>
  </ul>
</div>
`;
