// Jest Snapshot v1, https://goo.gl/fbAQLP

exports[`renders the Box 1`] = `
<div>
  <div
    class="MuiBox-root emotion-0"
  />
</div>
`;
