// Jest Snapshot v1, https://goo.gl/fbAQLP

exports[`renders the TimelineDot 1`] = `
.emotion-0 {
  display: -webkit-box;
  display: -webkit-flex;
  display: -ms-flexbox;
  display: flex;
  -webkit-flex-direction: column;
  -ms-flex-direction: column;
  flex-direction: column;
  padding: 6px 16px;
  -webkit-box-flex: 1;
  -webkit-flex-grow: 1;
  -ms-flex-positive: 1;
  flex-grow: 1;
}

.emotion-1 {
  display: -webkit-box;
  display: -webkit-flex;
  display: -ms-flexbox;
  display: flex;
  -webkit-align-self: baseline;
  -ms-flex-item-align: baseline;
  align-self: baseline;
  border-style: solid;
  border-width: 2px;
  padding: 4px;
  border-radius: 50%;
  box-shadow: 0px 2px 1px -1px rgba(0,0,0,0.2),0px 1px 1px 0px rgba(0,0,0,0.14),0px 1px 3px 0px rgba(0,0,0,0.12);
  margin: 11.5px 0;
  border-color: transparent;
  color: #fafafa;
  background-color: #bdbdbd;
}

<div>
  <ul
    class="MuiTimeline-root MuiTimeline-positionRight emotion-0"
  >
    <span
      class="MuiTimelineDot-root MuiTimelineDot-filled MuiTimelineDot-filledGrey emotion-1"
    />
  </ul>
</div>
`;
