// Jest Snapshot v1, https://goo.gl/fbAQLP

exports[`renders the Breadcrumbs 1`] = `
.emotion-0 {
  margin: 0;
  font-weight: 400;
  font-size: 1rem;
  line-height: 1.5rem;
  letter-spacing: 0.0094rem;
  font-family: Lato,sans-serif;
  color: #3B3B4199;
}

.emotion-1 {
  display: -webkit-box;
  display: -webkit-flex;
  display: -ms-flexbox;
  display: flex;
  -webkit-box-flex-wrap: wrap;
  -webkit-flex-wrap: wrap;
  -ms-flex-wrap: wrap;
  flex-wrap: wrap;
  -webkit-align-items: center;
  -webkit-box-align: center;
  -ms-flex-align: center;
  align-items: center;
  padding: 0;
  margin: 0;
  list-style: none;
}

<div>
  <nav
    class="MuiTypography-root MuiTypography-body1 MuiBreadcrumbs-root emotion-0"
  >
    <ol
      class="MuiBreadcrumbs-ol emotion-1"
    />
  </nav>
</div>
`;
