// Jest Snapshot v1, https://goo.gl/fbAQLP

exports[`renders the ListItemAvatar 1`] = `
.emotion-0 {
  min-width: 56px;
  -webkit-flex-shrink: 0;
  -ms-flex-negative: 0;
  flex-shrink: 0;
}

<div>
  <div
    class="MuiListItemAvatar-root emotion-0"
  />
</div>
`;
