// Jest Snapshot v1, https://goo.gl/fbAQLP

exports[`renders the Container 1`] = `
.emotion-0 {
  width: 100%;
  margin-left: auto;
  box-sizing: border-box;
  margin-right: auto;
  display: block;
  padding-left: 1rem;
  padding-right: 1rem;
}

@media (min-width:600px) {
  .emotion-0 {
    padding-left: 1.5rem;
    padding-right: 1.5rem;
  }
}

@media (min-width:1200px) {
  .emotion-0 {
    max-width: 1200px;
  }
}

<div>
  <div
    class="MuiContainer-root MuiContainer-maxWidthLg emotion-0"
  />
</div>
`;
