// Jest Snapshot v1, https://goo.gl/fbAQLP

exports[`renders the Card 1`] = `
.emotion-1 {
  background-color: #fff;
  color: #3B3B41DE;
  -webkit-transition: box-shadow 300ms cubic-bezier(0.4, 0, 0.2, 1) 0ms;
  transition: box-shadow 300ms cubic-bezier(0.4, 0, 0.2, 1) 0ms;
  border-radius: 4px;
  box-shadow: 0px 2px 1px -1px rgba(0,0,0,0.2),0px 1px 1px 0px rgba(0,0,0,0.14),0px 1px 3px 0px rgba(0,0,0,0.12);
  overflow: hidden;
  background-color: #fff;
}

<div>
  <div
    class="MuiPaper-root MuiPaper-elevation MuiPaper-rounded MuiPaper-elevation1 MuiCard-root emotion-0 emotion-1"
  />
</div>
`;
