// Jest Snapshot v1, https://goo.gl/fbAQLP

exports[`renders the InputAdornment 1`] = `
.emotion-0 {
  display: -webkit-box;
  display: -webkit-flex;
  display: -ms-flexbox;
  display: flex;
  height: 0.01em;
  max-height: 2em;
  -webkit-align-items: center;
  -webkit-box-align: center;
  -ms-flex-align: center;
  align-items: center;
  white-space: nowrap;
  color: #0000008A;
  margin-right: 8px;
}

<div>
  <div
    class="MuiInputAdornment-root MuiInputAdornment-positionStart emotion-0"
  >
    <span
      class="notranslate"
    >
      â€‹
    </span>
  </div>
</div>
`;
