// Jest Snapshot v1, https://goo.gl/fbAQLP

exports[`renders the TimelineConnector 1`] = `
.emotion-0 {
  display: -webkit-box;
  display: -webkit-flex;
  display: -ms-flexbox;
  display: flex;
  -webkit-flex-direction: column;
  -ms-flex-direction: column;
  flex-direction: column;
  padding: 6px 16px;
  -webkit-box-flex: 1;
  -webkit-flex-grow: 1;
  -ms-flex-positive: 1;
  flex-grow: 1;
}

.emotion-1 {
  list-style: none;
  display: -webkit-box;
  display: -webkit-flex;
  display: -ms-flexbox;
  display: flex;
  position: relative;
  min-height: 70px;
  -webkit-flex-direction: row-reverse;
  -ms-flex-direction: row-reverse;
  flex-direction: row-reverse;
}

.emotion-1:before {
  content: "";
  -webkit-flex: 1;
  -ms-flex: 1;
  flex: 1;
  padding: 6px 16px;
}

.emotion-2 {
  margin: 0;
  font-weight: 400;
  font-size: 1rem;
  line-height: 1.5rem;
  letter-spacing: 0.0094rem;
  font-family: Lato,sans-serif;
  padding: 6px 16px;
  margin-right: auto;
  text-align: left;
  -webkit-flex: 1;
  -ms-flex: 1;
  flex: 1;
}

.emotion-3 {
  display: -webkit-box;
  display: -webkit-flex;
  display: -ms-flexbox;
  display: flex;
  -webkit-flex-direction: column;
  -ms-flex-direction: column;
  flex-direction: column;
  -webkit-flex: 0;
  -ms-flex: 0;
  flex: 0;
  -webkit-align-items: center;
  -webkit-box-align: center;
  -ms-flex-align: center;
  align-items: center;
}

.emotion-4 {
  display: -webkit-box;
  display: -webkit-flex;
  display: -ms-flexbox;
  display: flex;
  -webkit-align-self: baseline;
  -ms-flex-item-align: baseline;
  align-self: baseline;
  border-style: solid;
  border-width: 2px;
  padding: 4px;
  border-radius: 50%;
  box-shadow: 0px 2px 1px -1px rgba(0,0,0,0.2),0px 1px 1px 0px rgba(0,0,0,0.14),0px 1px 3px 0px rgba(0,0,0,0.12);
  margin: 11.5px 0;
  border-color: transparent;
  color: #fafafa;
  background-color: #bdbdbd;
}

.emotion-5 {
  width: 2px;
  background-color: #bdbdbd;
  -webkit-box-flex: 1;
  -webkit-flex-grow: 1;
  -ms-flex-positive: 1;
  flex-grow: 1;
}

.emotion-6 {
  margin: 0;
  font-weight: 400;
  font-size: 1rem;
  line-height: 1.5rem;
  letter-spacing: 0.0094rem;
  font-family: Lato,sans-serif;
  -webkit-flex: 1;
  -ms-flex: 1;
  flex: 1;
  padding: 6px 16px;
  text-align: right;
}

<div>
  <ul
    class="MuiTimeline-root MuiTimeline-positionLeft emotion-0"
  >
    <li
      class="MuiTimelineItem-root MuiTimelineItem-positionLeft MuiTimelineItem-missingOppositeContent emotion-1"
    >
      <div
        class="MuiTypography-root MuiTypography-body1 MuiTimelineOppositeContent-root MuiTimelineOppositeContent-positionLeft emotion-2"
      >
        Opposite
      </div>
      <div
        class="MuiTimelineSeparator-root emotion-3"
      >
        <span
          class="MuiTimelineDot-root MuiTimelineDot-filled MuiTimelineDot-filledGrey emotion-4"
        />
        <span
          class="MuiTimelineConnector-root emotion-5"
        />
      </div>
      <div
        class="MuiTypography-root MuiTypography-body1 MuiTimelineContent-root MuiTimelineContent-positionLeft emotion-6"
      >
        Test
      </div>
    </li>
    <li
      class="MuiTimelineItem-root MuiTimelineItem-positionLeft MuiTimelineItem-missingOppositeContent emotion-1"
    >
      <div
        class="MuiTypography-root MuiTypography-body1 MuiTimelineOppositeContent-root MuiTimelineOppositeContent-positionLeft emotion-2"
      >
        Opposite
      </div>
      <div
        class="MuiTimelineSeparator-root emotion-3"
      >
        <span
          class="MuiTimelineDot-root MuiTimelineDot-filled MuiTimelineDot-filledGrey emotion-4"
        />
        <span
          class="MuiTimelineConnector-root emotion-5"
        />
      </div>
      <div
        class="MuiTypography-root MuiTypography-body1 MuiTimelineContent-root MuiTimelineContent-positionLeft emotion-6"
      >
        Test
      </div>
    </li>
    <li
      class="MuiTimelineItem-root MuiTimelineItem-positionLeft MuiTimelineItem-missingOppositeContent emotion-1"
    >
      <div
        class="MuiTypography-root MuiTypography-body1 MuiTimelineOppositeContent-root MuiTimelineOppositeContent-positionLeft emotion-2"
      >
        Opposite
      </div>
      <div
        class="MuiTimelineSeparator-root emotion-3"
      >
        <span
          class="MuiTimelineDot-root MuiTimelineDot-filled MuiTimelineDot-filledGrey emotion-4"
        />
      </div>
      <div
        class="MuiTypography-root MuiTypography-body1 MuiTimelineContent-root MuiTimelineContent-positionLeft emotion-6"
      >
        Test
      </div>
    </li>
  </ul>
</div>
`;
