// Jest Snapshot v1, https://goo.gl/fbAQLP

exports[`renders the FormControl 1`] = `
.emotion-0 {
  display: -webkit-inline-box;
  display: -webkit-inline-flex;
  display: -ms-inline-flexbox;
  display: inline-flex;
  -webkit-flex-direction: column;
  -ms-flex-direction: column;
  flex-direction: column;
  position: relative;
  min-width: 0;
  padding: 0;
  margin: 0;
  border: 0;
  vertical-align: top;
}

<div>
  <div
    class="MuiFormControl-root emotion-0"
  />
</div>
`;
