// Jest Snapshot v1, https://goo.gl/fbAQLP

exports[`renders the Stack 1`] = `
.emotion-0 {
  display: -webkit-box;
  display: -webkit-flex;
  display: -ms-flexbox;
  display: flex;
  -webkit-flex-direction: column;
  -ms-flex-direction: column;
  flex-direction: column;
}

<div>
  <div
    class="emotion-0"
  />
</div>
`;
