// Jest Snapshot v1, https://goo.gl/fbAQLP

exports[`renders the CardHeader 1`] = `
.emotion-0 {
  display: -webkit-box;
  display: -webkit-flex;
  display: -ms-flexbox;
  display: flex;
  -webkit-align-items: center;
  -webkit-box-align: center;
  -ms-flex-align: center;
  align-items: center;
  padding: 16px;
}

.emotion-1 {
  -webkit-flex: 1 1 auto;
  -ms-flex: 1 1 auto;
  flex: 1 1 auto;
}

<div>
  <div
    class="MuiCardHeader-root emotion-0"
  >
    <div
      class="MuiCardHeader-content emotion-1"
    />
  </div>
</div>
`;
