// Jest Snapshot v1, https://goo.gl/fbAQLP

exports[`renders the ToggleButtonGroup 1`] = `
.emotion-0 {
  display: -webkit-inline-box;
  display: -webkit-inline-flex;
  display: -ms-inline-flexbox;
  display: inline-flex;
  border-radius: 4px;
}

.emotion-0 .MuiToggleButtonGroup-grouped:not(:first-of-type) {
  margin-left: -1px;
  border-left: 1px solid transparent;
  border-top-left-radius: 0;
  border-bottom-left-radius: 0;
}

.emotion-0 .MuiToggleButtonGroup-grouped:not(:last-of-type) {
  border-top-right-radius: 0;
  border-bottom-right-radius: 0;
}

.emotion-0 .MuiToggleButtonGroup-grouped.Mui-selected+.MuiToggleButtonGroup-grouped.Mui-selected {
  border-left: 0;
  margin-left: 0;
}

<div>
  <div
    class="MuiToggleButtonGroup-root emotion-0"
    role="group"
  />
</div>
`;
